[kat-coin.xyz/index.html]
[backblue.gif]
[fade.gif]
[index.html]
[static.tildacdn.net/tild6264-6235-4633-a334-633162663362/Frame_1_3.png]
[static.tildacdn.net/tild6165-6562-4437-a630-336663343061/GJ933kXawAA1qAk_1.png]
[static.tildacdn.net/tild3165-3466-4733-a530-333831356566/GJ933kXawAA1qAk_1.png]
[static.tildacdn.net/tild6565-6532-4738-b630-353334633237/GJ933kXawAA1qAk_1_1.png]
[neo.tildacdn.com/js/tilda-fallback-1.0.min.js]
[static.tildacdn.net/css/tilda-grid-3.0.min.css]
[static.tildacdn.net/ws/project10370255/tilda-blocks-page77843286.min8025.css]
[static.tildacdn.net/css/tilda-animation-2.0.min.css]
[static.tildacdn.net/js/tilda-polyfill-1.0.min.js]
[static.tildacdn.net/js/jquery-1.10.2.min.js]
[static.tildacdn.net/js/tilda-scripts-3.0.min.js]
[static.tildacdn.net/ws/project10370255/tilda-blocks-page77843286.min8025.js]
[static.tildacdn.net/js/tilda-lazyload-1.0.min.js]
[kat-coin.xyz/OPR/index.html]
[static.tildacdn.net/js/tilda-animation-2.0.min.js]
[static.tildacdn.net/js/tilda-zero-1.1.min.js]
[static.tildacdn.net/js/tilda-animation-sbs-1.0.min.js]
[static.tildacdn.net/js/tilda-zero-scale-1.0.min.js]
[static.tildacdn.net/js/tilda-events-1.0.min.js]
[thb.tildacdn.net/tild3930-6435-4438-a533-343339383963/-/resize/20x/IMG_6779_1-min.png]
[kat-coin.xyz/index.html]
[static.tildacdn.net/css/tilda-grid-3.0.min.css]
[static.tildacdn.net/ws/project10370255/tilda-blocks-page77843286.min8025.css]
[static.tildacdn.net/css/tilda-animation-2.0.min.css]
[kat-coin.xyz/custom8025.css]
[kat-coin.xyz/OPR/index.html]
[static.tildacdn.net/js/tilda-stat-1.0.min.js]
